efef

kevin@DESKTOP-PH6OIQE MINGW64 ~ (master)
$ dir
3D\ Objects        Desktop          MicrosoftEdgeBackups  ntuser.dat.LOG2                                                                               OpenVPN       SendTo
AppData            Documents        Music                 NTUSER.DAT{157d778b-f21a-11e9-91da-97037b909364}.TM.blf                                       Pictures      Start\ Menu
Apple              Downloads        My\ Documents         NTUSER.DAT{157d778b-f21a-11e9-91da-97037b909364}.TMContainer00000000000000000001.regtrans-ms  PrintHood     Templates
Application\ Data  Favorites        NetHood               NTUSER.DAT{157d778b-f21a-11e9-91da-97037b909364}.TMContainer00000000000000000002.regtrans-ms  Recent        Tracing
Contacts           Links            NTUSER.DAT            ntuser.ini                                                                                    Saved\ Games  Videos
Cookies            Local\ Settings  ntuser.dat.LOG1       OneDrive                                                                                      Searches

kevin@DESKTOP-PH6OIQE MINGW64 ~ (master)
$ cd Desktop

kevin@DESKTOP-PH6OIQE MINGW64 ~/Desktop (master)
$ dir
desktop.ini  Working-\ Productsup\ Leads.xlsx

kevin@DESKTOP-PH6OIQE MINGW64 ~/Desktop (master)
$ cd ..

kevin@DESKTOP-PH6OIQE MINGW64 ~ (master)
$ dir
3D\ Objects        Desktop          MicrosoftEdgeBackups  ntuser.dat.LOG2                                                                               OpenVPN       SendTo
AppData            Documents        Music                 NTUSER.DAT{157d778b-f21a-11e9-91da-97037b909364}.TM.blf                                       Pictures      Start\ Menu
Apple              Downloads        My\ Documents         NTUSER.DAT{157d778b-f21a-11e9-91da-97037b909364}.TMContainer00000000000000000001.regtrans-ms  PrintHood     Templates
Application\ Data  Favorites        NetHood               NTUSER.DAT{157d778b-f21a-11e9-91da-97037b909364}.TMContainer00000000000000000002.regtrans-ms  Recent        Tracing
Contacts           Links            NTUSER.DAT            ntuser.ini                                                                                    Saved\ Games  Videos
Cookies            Local\ Settings  ntuser.dat.LOG1       OneDrive                                                                                      Searches

kevin@DESKTOP-PH6OIQE MINGW64 ~ (master)
$ cd OneDrive

kevin@DESKTOP-PH6OIQE MINGW64 ~/OneDrive (master)
$ dir
Afbeeldingen  Bureaublad  Documents  Email\ attachments  Favorites  Inschrijving\ ModelActeur\ Kevin\ Bergmeijer\ (Site\ deed\ het\ niet)  Muziek  My\ Documents  Persoonlijke\ kluis.lnk  Public  Shared\ favorites

kevin@DESKTOP-PH6OIQE MINGW64 ~/OneDrive (master)
$ cd Bureaublad

kevin@DESKTOP-PH6OIQE MINGW64 ~/OneDrive/Bureaublad (master)
$ dir
~$les\ representative.docx                 back\ up.reg   download.png                               Herman                 Online\ Excur's.docx    temp
366ed633-10df-4cfd-8cb0-ea35236701d8.jpeg  Data_Projects  ElectronidexItems2017.pdf                  Inside\ Sales\ folder  Productsup\ Leads.xlsx  understand\ the\ clientele\ that\ Electronidex\ currently\ is\ serving.docx
All                                        desktop.ini    f0ef6eed-3ffe-4e15-a8b3-b28d50b54afb.jpeg  Kevin\ -\ Chrome.lnk   Reading                 Videos\ -\ Shortcut.lnk

kevin@DESKTOP-PH6OIQE MINGW64 ~/OneDrive/Bureaublad (master)
$ cd Data_Projects

kevin@DESKTOP-PH6OIQE MINGW64 ~/OneDrive/Bureaublad/Data_Projects (master)
$ dir
Ubiqum

kevin@DESKTOP-PH6OIQE MINGW64 ~/OneDrive/Bureaublad/Data_Projects (master)
$ cd Ubiqum

kevin@DESKTOP-PH6OIQE MINGW64 ~/OneDrive/Bureaublad/Data_Projects/Ubiqum (master)
$ dir
Module\ 2  Summary\ of\ learnings.docx  Ub1

kevin@DESKTOP-PH6OIQE MINGW64 ~/OneDrive/Bureaublad/Data_Projects/Ubiqum (master)
$ cd Module\ 2

kevin@DESKTOP-PH6OIQE MINGW64 ~/OneDrive/Bureaublad/Data_Projects/Ubiqum/Module 2 (master)
$ dir
Module\ 2.Rproj  Task\ 2

kevin@DESKTOP-PH6OIQE MINGW64 ~/OneDrive/Bureaublad/Data_Projects/Ubiqum/Module 2 (master)
$ cd Task\ 2

kevin@DESKTOP-PH6OIQE MINGW64 ~/OneDrive/Bureaublad/Data_Projects/Ubiqum/Module 2/Task 2 (master)
$ git init
Initialized empty Git repository in C:/Users/kevin/OneDrive/Bureaublad/Data_Projects/Ubiqum/Module 2/Task 2/.git/

kevin@DESKTOP-PH6OIQE MINGW64 ~/OneDrive/Bureaublad/Data_Projects/Ubiqum/Module 2/Task 2 (master)
$ ls -a
 ./   ../   .git/  'Brand Preference.R'  'CompleteResponses (1).csv'  'survey key (1).xlsx'  'SurveyIncomplete (1).csv'

kevin@DESKTOP-PH6OIQE MINGW64 ~/OneDrive/Bureaublad/Data_Projects/Ubiqum/Module 2/Task 2 (master)
$ git remote add origin https://github.com/Kevinberg/Brand_Preference.git

kevin@DESKTOP-PH6OIQE MINGW64 ~/OneDrive/Bureaublad/Data_Projects/Ubiqum/Module 2/Task 2 (master)
$ git remote -v
origin  https://github.com/Kevinberg/Brand_Preference.git (fetch)
origin  https://github.com/Kevinberg/Brand_Preference.git (push)

kevin@DESKTOP-PH6OIQE MINGW64 ~/OneDrive/Bureaublad/Data_Projects/Ubiqum/Module 2/Task 2 (master)
$ git add .

kevin@DESKTOP-PH6OIQE MINGW64 ~/OneDrive/Bureaublad/Data_Projects/Ubiqum/Module 2/Task 2 (master)
$ git status
On branch master

No commits yet

Changes to be committed:
  (use "git rm --cached <file>..." to unstage)
        new file:   Brand Preference.R
        new file:   CompleteResponses (1).csv
        new file:   SurveyIncomplete (1).csv
        new file:   survey key (1).xlsx


kevin@DESKTOP-PH6OIQE MINGW64 ~/OneDrive/Bureaublad/Data_Projects/Ubiqum/Module 2/Task 2 (master)
$ git commit -m "Test"
[master (root-commit) 283dc63] Test
 4 files changed, 9901 insertions(+)
 create mode 100644 Brand Preference.R
 create mode 100644 CompleteResponses (1).csv
 create mode 100644 SurveyIncomplete (1).csv
 create mode 100644 survey key (1).xlsx

kevin@DESKTOP-PH6OIQE MINGW64 ~/OneDrive/Bureaublad/Data_Projects/Ubiqum/Module 2/Task 2 (master)
$ git push origin master
Enumerating objects: 6, done.
Counting objects: 100% (6/6), done.
Delta compression using up to 8 threads
Compressing objects: 100% (5/5), done.
Writing objects: 100% (6/6), 240.33 KiB | 5.22 MiB/s, done.
Total 6 (delta 0), reused 0 (delta 0)
To https://github.com/Kevinberg/Brand_Preference.git
 * [new branch]      master -> master

kevin@DESKTOP-PH6OIQE MINGW64 ~/OneDrive/Bureaublad/Data_Projects/Ubiqum/Module 2/Task 2 (master)
$ git clone https://github.com/tirthajyoti/pydbgen.git
Cloning into 'pydbgen'...
remote: Enumerating objects: 79, done.
remote: Counting objects: 100% (79/79), done.
remote: Compressing objects: 100% (76/76), done.
remote: Total 238 (delta 37), reused 0 (delta 0), pack-reused 159
Receiving objects: 100% (238/238), 696.01 KiB | 1.75 MiB/s, done.
Resolving deltas: 100% (131/131), done.

kevin@DESKTOP-PH6OIQE MINGW64 ~/OneDrive/Bureaublad/Data_Projects/Ubiqum/Module 2/Task 2 (master)
$ dir
Brand\ Preference.R  CompleteResponses\ (1).csv  pydbgen  survey\ key\ (1).xlsx  SurveyIncomplete\ (1).csv

kevin@DESKTOP-PH6OIQE MINGW64 ~/OneDrive/Bureaublad/Data_Projects/Ubiqum/Module 2/Task 2 (master)
$ rm -r pydbgen
rm: remove write-protected regular file 'pydbgen/.git/objects/pack/pack-913c181734f66447587cbc3311ac26a6c74b19b4.idx'?
rm: remove write-protected regular file 'pydbgen/.git/objects/pack/pack-913c181734f66447587cbc3311ac26a6c74b19b4.pack'?
rm: cannot remove 'pydbgen/.git/objects/pack': Directory not empty

kevin@DESKTOP-PH6OIQE MINGW64 ~/OneDrive/Bureaublad/Data_Projects/Ubiqum/Module 2/Task 2 (master)
$ dir
Brand\ Preference.R  CompleteResponses\ (1).csv  pydbgen  survey\ key\ (1).xlsx  SurveyIncomplete\ (1).csv

kevin@DESKTOP-PH6OIQE MINGW64 ~/OneDrive/Bureaublad/Data_Projects/Ubiqum/Module 2/Task 2 (master)
$ dir
Brand\ Preference.R  CompleteResponses\ (1).csv  pydbgen  survey\ key\ (1).xlsx  SurveyIncomplete\ (1).csv

kevin@DESKTOP-PH6OIQE MINGW64 ~/OneDrive/Bureaublad/Data_Projects/Ubiqum/Module 2/Task 2 (master)
$ sudo rm -r pydbgen
bash: sudo: command not found

kevin@DESKTOP-PH6OIQE MINGW64 ~/OneDrive/Bureaublad/Data_Projects/Ubiqum/Module 2/Task 2 (master)
$
